SQL> select * from ex21,ex22;

       NUM JOB                                 SABUN                            
---------- ------------------------------ ----------                            
NAME                           GE        AGE                                    
------------------------------ -- ----------                                    
         1 영업                                 1111                            
user1                          M           1                                    
                                                                                
         2 회계                                 1111                            
user1                          M           1                                    
                                                                                
         6 관리                                 1111                            
user1                          M           1                                    
                                                                                

       NUM JOB                                 SABUN                            
---------- ------------------------------ ----------                            
NAME                           GE        AGE                                    
------------------------------ -- ----------                                    
         1 영업                                 2222                            
user2                          F         120                                    
                                                                                
         2 회계                                 2222                            
user2                          F         120                                    
                                                                                
         6 관리                                 2222                            
user2                          F         120                                    
                                                                                

6 개의 행이 선택되었습니다.

SQL> select * from ex20,ex21;

     SABUN NAME                                  NUM        NUM                 
---------- ------------------------------ ---------- ----------                 
JOB                                                                             
------------------------------                                                  
      1111 test1                                   1          1                 
영업                                                                            
                                                                                
      1111 test1                                   1          2                 
회계                                                                            
                                                                                
      1111 test1                                   1          6                 
관리                                                                            
                                                                                

     SABUN NAME                                  NUM        NUM                 
---------- ------------------------------ ---------- ----------                 
JOB                                                                             
------------------------------                                                  
      2222 test2                                   2          1                 
영업                                                                            
                                                                                
      2222 test2                                   2          2                 
회계                                                                            
                                                                                
      2222 test2                                   2          6                 
관리                                                                            
                                                                                

     SABUN NAME                                  NUM        NUM                 
---------- ------------------------------ ---------- ----------                 
JOB                                                                             
------------------------------                                                  
      6666 new2                                    6          1                 
영업                                                                            
                                                                                
      6666 new2                                    6          2                 
회계                                                                            
                                                                                
      6666 new2                                    6          6                 
관리                                                                            
                                                                                

9 개의 행이 선택되었습니다.

SQL> select * from ex20;

     SABUN NAME                                  NUM                            
---------- ------------------------------ ----------                            
      1111 test1                                   1                            
      2222 test2                                   2                            
      6666 new2                                    6                            

SQL> select * from ex21;

       NUM JOB                                                                  
---------- ------------------------------                                       
         1 영업                                                                 
         2 회계                                                                 
         6 관리                                                                 

SQL> select * from ex20,ex21;

     SABUN NAME                                  NUM        NUM                 
---------- ------------------------------ ---------- ----------                 
JOB                                                                             
------------------------------                                                  
      1111 test1                                   1          1                 
영업                                                                            
                                                                                
      1111 test1                                   1          2                 
회계                                                                            
                                                                                
      1111 test1                                   1          6                 
관리                                                                            
                                                                                

     SABUN NAME                                  NUM        NUM                 
---------- ------------------------------ ---------- ----------                 
JOB                                                                             
------------------------------                                                  
      2222 test2                                   2          1                 
영업                                                                            
                                                                                
      2222 test2                                   2          2                 
회계                                                                            
                                                                                
      2222 test2                                   2          6                 
관리                                                                            
                                                                                

     SABUN NAME                                  NUM        NUM                 
---------- ------------------------------ ---------- ----------                 
JOB                                                                             
------------------------------                                                  
      6666 new2                                    6          1                 
영업                                                                            
                                                                                
      6666 new2                                    6          2                 
회계                                                                            
                                                                                
      6666 new2                                    6          6                 
관리                                                                            
                                                                                

9 개의 행이 선택되었습니다.

SQL> select * from ex20,ex21 where num=num;
select * from ex20,ex21 where num=num
                                  *
1행에 오류:
ORA-00918: 열의 정의가 애매합니다 


SQL> select * from ex20,ex21 where ex20.num=ex21.num;

     SABUN NAME                                  NUM        NUM                 
---------- ------------------------------ ---------- ----------                 
JOB                                                                             
------------------------------                                                  
      1111 test1                                   1          1                 
영업                                                                            
                                                                                
      2222 test2                                   2          2                 
회계                                                                            
                                                                                
      6666 new2                                    6          6                 
관리                                                                            
                                                                                

SQL> select name,job from ex20,ex21 where ex20.num=ex21.num;

NAME                           JOB                                              
------------------------------ ------------------------------                   
test1                          영업                                             
test2                          회계                                             
new2                           관리                                             

SQL> select sabun,name,job from ex20,ex21 where ex20.num=ex21.num;

     SABUN NAME                           JOB                                   
---------- ------------------------------ ------------------------------        
      1111 test1                          영업                                  
      2222 test2                          회계                                  
      6666 new2                           관리                                  

SQL> select sabun,name,job,ex20.num from ex20,ex21 where ex20.num=ex21.num;

     SABUN NAME                           JOB                                   
---------- ------------------------------ ------------------------------        
       NUM                                                                      
----------                                                                      
      1111 test1                          영업                                  
         1                                                                      
                                                                                
      2222 test2                          회계                                  
         2                                                                      
                                                                                
      6666 new2                           관리                                  
         6                                                                      
                                                                                

SQL> select sabun,name,job,ex21.num from ex20,ex21 where ex20.num=ex21.num;

     SABUN NAME                           JOB                                   
---------- ------------------------------ ------------------------------        
       NUM                                                                      
----------                                                                      
      1111 test1                          영업                                  
         1                                                                      
                                                                                
      2222 test2                          회계                                  
         2                                                                      
                                                                                
      6666 new2                           관리                                  
         6                                                                      
                                                                                

SQL> select ex20.sabun,ex20.name,job,ex21.num from ex20,ex21 where ex20.num=ex21.num;

     SABUN NAME                           JOB                                   
---------- ------------------------------ ------------------------------        
       NUM                                                                      
----------                                                                      
      1111 test1                          영업                                  
         1                                                                      
                                                                                
      2222 test2                          회계                                  
         2                                                                      
                                                                                
      6666 new2                           관리                                  
         6                                                                      
                                                                                

SQL> select name,job from ex20 A,ex21 B where A.num=B.num;

NAME                           JOB                                              
------------------------------ ------------------------------                   
test1                          영업                                             
test2                          회계                                             
new2                           관리                                             

SQL> select A.name,job from ex20 A,ex21 B where A.num=B.num;

NAME                           JOB                                              
------------------------------ ------------------------------                   
test1                          영업                                             
test2                          회계                                             
new2                           관리                                             

SQL> select A.name,B.job from ex20 A,ex21 B where A.num=B.num;

NAME                           JOB                                              
------------------------------ ------------------------------                   
test1                          영업                                             
test2                          회계                                             
new2                           관리                                             

SQL> select A.name,B.job from ex20 A,ex21 B where A.num!=B.num;

NAME                           JOB                                              
------------------------------ ------------------------------                   
test1                          회계                                             
test1                          관리                                             
test2                          영업                                             
test2                          관리                                             
new2                           영업                                             
new2                           회계                                             

6 개의 행이 선택되었습니다.

SQL> select * from ex21;

       NUM JOB                                                                  
---------- ------------------------------                                       
         1 영업                                                                 
         2 회계                                                                 
         6 관리                                                                 

SQL> insert into ex21 values (3,'생산');

1 개의 행이 만들어졌습니다.

SQL> select * from ex20 A,ex21 B;

     SABUN NAME                                  NUM        NUM                 
---------- ------------------------------ ---------- ----------                 
JOB                                                                             
------------------------------                                                  
      1111 test1                                   1          1                 
영업                                                                            
                                                                                
      1111 test1                                   1          2                 
회계                                                                            
                                                                                
      1111 test1                                   1          6                 
관리                                                                            
                                                                                

     SABUN NAME                                  NUM        NUM                 
---------- ------------------------------ ---------- ----------                 
JOB                                                                             
------------------------------                                                  
      1111 test1                                   1          3                 
생산                                                                            
                                                                                
      2222 test2                                   2          1                 
영업                                                                            
                                                                                
      2222 test2                                   2          2                 
회계                                                                            
                                                                                

     SABUN NAME                                  NUM        NUM                 
---------- ------------------------------ ---------- ----------                 
JOB                                                                             
------------------------------                                                  
      2222 test2                                   2          6                 
관리                                                                            
                                                                                
      2222 test2                                   2          3                 
생산                                                                            
                                                                                
      6666 new2                                    6          1                 
영업                                                                            
                                                                                

     SABUN NAME                                  NUM        NUM                 
---------- ------------------------------ ---------- ----------                 
JOB                                                                             
------------------------------                                                  
      6666 new2                                    6          2                 
회계                                                                            
                                                                                
      6666 new2                                    6          6                 
관리                                                                            
                                                                                
      6666 new2                                    6          3                 
생산                                                                            
                                                                                

12 개의 행이 선택되었습니다.

SQL> select * from ex20 A,ex21 B where A.num=B.num;

     SABUN NAME                                  NUM        NUM                 
---------- ------------------------------ ---------- ----------                 
JOB                                                                             
------------------------------                                                  
      1111 test1                                   1          1                 
영업                                                                            
                                                                                
      2222 test2                                   2          2                 
회계                                                                            
                                                                                
      6666 new2                                    6          6                 
관리                                                                            
                                                                                

SQL> select * from ex20 A,ex21 B where A.num!=B.num;

     SABUN NAME                                  NUM        NUM                 
---------- ------------------------------ ---------- ----------                 
JOB                                                                             
------------------------------                                                  
      1111 test1                                   1          2                 
회계                                                                            
                                                                                
      1111 test1                                   1          6                 
관리                                                                            
                                                                                
      1111 test1                                   1          3                 
생산                                                                            
                                                                                

     SABUN NAME                                  NUM        NUM                 
---------- ------------------------------ ---------- ----------                 
JOB                                                                             
------------------------------                                                  
      2222 test2                                   2          1                 
영업                                                                            
                                                                                
      2222 test2                                   2          6                 
관리                                                                            
                                                                                
      2222 test2                                   2          3                 
생산                                                                            
                                                                                

     SABUN NAME                                  NUM        NUM                 
---------- ------------------------------ ---------- ----------                 
JOB                                                                             
------------------------------                                                  
      6666 new2                                    6          1                 
영업                                                                            
                                                                                
      6666 new2                                    6          2                 
회계                                                                            
                                                                                
      6666 new2                                    6          3                 
생산                                                                            
                                                                                

9 개의 행이 선택되었습니다.

SQL> select * from ex20 A,ex21 B where A.num=B.num;

     SABUN NAME                                  NUM        NUM                 
---------- ------------------------------ ---------- ----------                 
JOB                                                                             
------------------------------                                                  
      1111 test1                                   1          1                 
영업                                                                            
                                                                                
      2222 test2                                   2          2                 
회계                                                                            
                                                                                
      6666 new2                                    6          6                 
관리                                                                            
                                                                                

SQL> select * from ex20 A,ex21 B where A.num(+)=B.num;

     SABUN NAME                                  NUM        NUM                 
---------- ------------------------------ ---------- ----------                 
JOB                                                                             
------------------------------                                                  
      1111 test1                                   1          1                 
영업                                                                            
                                                                                
      2222 test2                                   2          2                 
회계                                                                            
                                                                                
      6666 new2                                    6          6                 
관리                                                                            
                                                                                

     SABUN NAME                                  NUM        NUM                 
---------- ------------------------------ ---------- ----------                 
JOB                                                                             
------------------------------                                                  
                                                              3                 
생산                                                                            
                                                                                

SQL> select A.job, B.name from ex20 A,ex21 B where A.num(+)=B.num;
select A.job, B.name from ex20 A,ex21 B where A.num(+)=B.num
              *
1행에 오류:
ORA-00904: "B"."NAME": 부적합한 식별자 


SQL> select A.job,B.name from ex20 A,ex21 B where A.num(+)=B.num;
select A.job,B.name from ex20 A,ex21 B where A.num(+)=B.num
             *
1행에 오류:
ORA-00904: "B"."NAME": 부적합한 식별자 


SQL> select B.job,A.name from ex20 A,ex21 B where A.num(+)=B.num;

JOB                            NAME                                             
------------------------------ ------------------------------                   
영업                           test1                                            
회계                           test2                                            
관리                           new2                                             
생산                                                                            

SQL> select ename,mgr from emp;

ENAME                       MGR                                                 
-------------------- ----------                                                 
SMITH                      7902                                                 
ALLEN                      7698                                                 
WARD                       7698                                                 
JONES                      7839                                                 
MARTIN                     7698                                                 
BLAKE                      7839                                                 
CLARK                      7839                                                 
SCOTT                      7566                                                 
KING                                                                            
TURNER                     7698                                                 
ADAMS                      7788                                                 

ENAME                       MGR                                                 
-------------------- ----------                                                 
JAMES                      7698                                                 
FORD                       7566                                                 
MILLER                     7782                                                 

14 개의 행이 선택되었습니다.

SQL> select empno,ename,mgr from emp;

     EMPNO ENAME                       MGR                                      
---------- -------------------- ----------                                      
      7369 SMITH                      7902                                      
      7499 ALLEN                      7698                                      
      7521 WARD                       7698                                      
      7566 JONES                      7839                                      
      7654 MARTIN                     7698                                      
      7698 BLAKE                      7839                                      
      7782 CLARK                      7839                                      
      7788 SCOTT                      7566                                      
      7839 KING                                                                 
      7844 TURNER                     7698                                      
      7876 ADAMS                      7788                                      

     EMPNO ENAME                       MGR                                      
---------- -------------------- ----------                                      
      7900 JAMES                      7698                                      
      7902 FORD                       7566                                      
      7934 MILLER                     7782                                      

14 개의 행이 선택되었습니다.

SQL> select A.name,B.name from emp A,emp B;
select A.name,B.name from emp A,emp B
              *
1행에 오류:
ORA-00904: "B"."NAME": 부적합한 식별자 


SQL> select A.ename,B.ename from emp A,emp B where A.mgr=B.empno;

ENAME                ENAME                                                      
-------------------- --------------------                                       
SMITH                FORD                                                       
ALLEN                BLAKE                                                      
WARD                 BLAKE                                                      
JONES                KING                                                       
MARTIN               BLAKE                                                      
BLAKE                KING                                                       
CLARK                KING                                                       
SCOTT                JONES                                                      
TURNER               BLAKE                                                      
ADAMS                SCOTT                                                      
JAMES                BLAKE                                                      

ENAME                ENAME                                                      
-------------------- --------------------                                       
FORD                 JONES                                                      
MILLER               CLARK                                                      

13 개의 행이 선택되었습니다.

SQL> spool off
