SQL> select (select count(*) from emp) from dual;

(SELECTCOUNT(*)FROMEMP)                                                         
-----------------------                                                         
                     14                                                         

SQL> select ename,(select ename from emp B where A.mgr=B.empno) from emp A;

ENAME                (SELECTENAMEFROMEMPB                                       
-------------------- --------------------                                       
SMITH                FORD                                                       
ALLEN                BLAKE                                                      
WARD                 BLAKE                                                      
JONES                KING                                                       
MARTIN               BLAKE                                                      
BLAKE                KING                                                       
CLARK                KING                                                       
SCOTT                JONES                                                      
KING                                                                            
TURNER               BLAKE                                                      
ADAMS                SCOTT                                                      

ENAME                (SELECTENAMEFROMEMPB                                       
-------------------- --------------------                                       
JAMES                BLAKE                                                      
FORD                 JONES                                                      
MILLER               CLARK                                                      

14 개의 행이 선택되었습니다.

SQL> select * from emp where empno=1;

선택된 레코드가 없습니다.

SQL> select * from (select * from dept);

    DEPTNO DNAME                        LOC                                     
---------- ---------------------------- --------------------------              
        10 ACCOUNTING                   NEW YORK                                
        20 RESEARCH                     DALLAS                                  
        30 SALES                        CHICAGO                                 
        40 OPERATIONS                   BOSTON                                  
        60 test1                        test1                                   
        80 test3                        test3                                   
        90 test4                        test4                                   
        70 aaaaaaaaaaaaaa               test                                    

8 개의 행이 선택되었습니다.

SQL> delete from dept where deptno in (60,80,90,70);

4 행이 삭제되었습니다.

SQL> select * from (select * from dept);

    DEPTNO DNAME                        LOC                                     
---------- ---------------------------- --------------------------              
        10 ACCOUNTING                   NEW YORK                                
        20 RESEARCH                     DALLAS                                  
        30 SALES                        CHICAGO                                 
        40 OPERATIONS                   BOSTON                                  

SQL> select * from (select * from dept where deptno<40);

    DEPTNO DNAME                        LOC                                     
---------- ---------------------------- --------------------------              
        10 ACCOUNTING                   NEW YORK                                
        20 RESEARCH                     DALLAS                                  
        30 SALES                        CHICAGO                                 

SQL> select * from dept where deptno<40;

    DEPTNO DNAME                        LOC                                     
---------- ---------------------------- --------------------------              
        10 ACCOUNTING                   NEW YORK                                
        20 RESEARCH                     DALLAS                                  
        30 SALES                        CHICAGO                                 

SQL> select deptno,dname from (select * from dept where deptno<40);

    DEPTNO DNAME                                                                
---------- ----------------------------                                         
        10 ACCOUNTING                                                           
        20 RESEARCH                                                             
        30 SALES                                                                

SQL> select deptno,dname from dept where deptno<40;

    DEPTNO DNAME                                                                
---------- ----------------------------                                         
        10 ACCOUNTING                                                           
        20 RESEARCH                                                             
        30 SALES                                                                

SQL> select * from (select name,job from ex21 inner join ex20 using (num));

NAME                           JOB                                              
------------------------------ ------------------------------                   
test1                          영업                                             
test2                          회계                                             
new2                           관리                                             
test3                          영업                                             
new1                           생산                                             

SQL> select (select '출력' from dual) from dept;

(SELECT'출력                                                                    
------------                                                                    
출력                                                                            
출력                                                                            
출력                                                                            
출력                                                                            

SQL> select (select '출력','출력2' from dual) from dept;
select (select '출력','출력2' from dual) from dept
        *
1행에 오류:
ORA-00913: 값의 수가 너무 많습니다 


SQL> select (select deptno from dept) from dept);
select (select deptno from dept) from dept)
                                          *
1행에 오류:
ORA-00933: SQL 명령어가 올바르게 종료되지 않았습니다 


SQL> select (select deptno from dept) from dept;
select (select deptno from dept) from dept
        *
1행에 오류:
ORA-01427: 단일 행 하위 질의에 2개 이상의 행이 리턴되었습니다. 


SQL> select (select deptno from dept where dept<20) from dept;
select (select deptno from dept where dept<20) from dept
                                      *
1행에 오류:
ORA-00904: "DEPT": 부적합한 식별자 


SQL> select (select deptno from dept where deptno<20) from dept;

(SELECTDEPTNOFROMDEPTWHEREDEPTNO<20)                                            
------------------------------------                                            
                                  10                                            
                                  10                                            
                                  10                                            
                                  10                                            

SQL> select deptno,sum(deptno) from dept;
select deptno,sum(deptno) from dept
       *
1행에 오류:
ORA-00937: 단일 그룹의 그룹 함수가 아닙니다 


SQL> select deptno,(select sum(deptno) from dept) from dept;

    DEPTNO (SELECTSUM(DEPTNO)FROMDEPT)                                          
---------- ---------------------------                                          
        10                         100                                          
        20                         100                                          
        30                         100                                          
        40                         100                                          

SQL> select deptno,(select sum(deptno) from dept)-1 from dept;

    DEPTNO (SELECTSUM(DEPTNO)FROMDEPT)-1                                        
---------- -----------------------------                                        
        10                            99                                        
        20                            99                                        
        30                            99                                        
        40                            99                                        

SQL> select ename,sal from emp where sal>(select avg(sal) from emp);

ENAME                       SAL                                                 
-------------------- ----------                                                 
JONES                      2975                                                 
BLAKE                      2850                                                 
CLARK                      2450                                                 
SCOTT                      3000                                                 
KING                       5000                                                 
FORD                       3000                                                 

6 개의 행이 선택되었습니다.

SQL> select ename from emp where deptno in (select deptno from dept where deptno<40);

ENAME                                                                           
--------------------                                                            
SMITH                                                                           
ALLEN                                                                           
WARD                                                                            
JONES                                                                           
MARTIN                                                                          
BLAKE                                                                           
CLARK                                                                           
SCOTT                                                                           
KING                                                                            
TURNER                                                                          
ADAMS                                                                           

ENAME                                                                           
--------------------                                                            
JAMES                                                                           
FORD                                                                            
MILLER                                                                          

14 개의 행이 선택되었습니다.

SQL> desc ex19
 이름                                      널?      유형
 ----------------------------------------- -------- ----------------------------
 NUM                                       NOT NULL NUMBER
 NAME                                               VARCHAR2(15)

SQL> select * from ex19;

       NUM NAME                                                                 
---------- ------------------------------                                       
         1 test1                                                                
         2 test2                                                                

SQL> desc e18;
ERROR:
ORA-04043: e18 객체는 존재하지 않습니다. 


SQL> desc ex18;
 이름                                      널?      유형
 ----------------------------------------- -------- ----------------------------
 NUM                                                NUMBER
 NAME                                      NOT NULL VARCHAR2(15)

SQL> insert into ex18 values (select * from ex18);
insert into ex18 values (select * from ex18)
                         *
1행에 오류:
ORA-00936: 누락된 표현식 


SQL> insert into ex18 (num,name) select num,name from ex18;

2 개의 행이 만들어졌습니다.

SQL> insert into ex18 (num,name) select num,name from ex18;

4 개의 행이 만들어졌습니다.

SQL> select * from ex18;

       NUM NAME                                                                 
---------- ------------------------------                                       
         1 test1                                                                
         1 test3                                                                
         1 test1                                                                
         1 test3                                                                
         1 test1                                                                
         1 test3                                                                
         1 test1                                                                
         1 test3                                                                

8 개의 행이 선택되었습니다.

SQL> insert into ex18 (num,name) select num+10,name from ex18;

8 개의 행이 만들어졌습니다.

SQL> select * from ex18;

       NUM NAME                                                                 
---------- ------------------------------                                       
         1 test1                                                                
         1 test3                                                                
         1 test1                                                                
         1 test3                                                                
         1 test1                                                                
         1 test3                                                                
         1 test1                                                                
         1 test3                                                                
        11 test1                                                                
        11 test3                                                                
        11 test1                                                                

       NUM NAME                                                                 
---------- ------------------------------                                       
        11 test3                                                                
        11 test1                                                                
        11 test3                                                                
        11 test1                                                                
        11 test3                                                                

16 개의 행이 선택되었습니다.

SQL> select * from ex19;

       NUM NAME                                                                 
---------- ------------------------------                                       
         1 test1                                                                
         2 test2                                                                

SQL> insert into ex19 (num,name) select num+10,name from ex19;

2 개의 행이 만들어졌습니다.

SQL> select * from ex19;

       NUM NAME                                                                 
---------- ------------------------------                                       
         1 test1                                                                
         2 test2                                                                
        11 test1                                                                
        12 test2                                                                

SQL> insert into ex19 (num,name) select num+11,name from ex19;
insert into ex19 (num,name) select num+11,name from ex19
*
1행에 오류:
ORA-00001: 무결성 제약 조건(SCOTT.EX19_NUM_PK)에 위배됩니다 


SQL> insert into ex19 (num,name) select num+12,name from ex19;

4 개의 행이 만들어졌습니다.

SQL> select * from ex19;

       NUM NAME                                                                 
---------- ------------------------------                                       
        13 test1                                                                
        14 test2                                                                
        23 test1                                                                
         1 test1                                                                
         2 test2                                                                
        11 test1                                                                
        12 test2                                                                
        24 test2                                                                

8 개의 행이 선택되었습니다.

SQL> delete from ex19 where num in (select num from ex19);

8 행이 삭제되었습니다.

SQL> select * from ex19l
  2  select * from ex19l
  3  ;
select * from ex19l
*
2행에 오류:
ORA-00933: SQL 명령어가 올바르게 종료되지 않았습니다 


SQL> select * from ex19;

선택된 레코드가 없습니다.

SQL> select * from ex19;

선택된 레코드가 없습니다.

SQL> insert into (num,name) values (1,'user1');
insert into (num,name) values (1,'user1')
             *
1행에 오류:
ORA-00928: 누락된 SELECT 키워드 


SQL> desc ex19;
 이름                                      널?      유형
 ----------------------------------------- -------- ----------------------------
 NUM                                       NOT NULL NUMBER
 NAME                                               VARCHAR2(15)

SQL> insert into ex19 (num,name) values (1,'user1');

1 개의 행이 만들어졌습니다.

SQL> insert into ex19 (num,name) (select * from ex19);
insert into ex19 (num,name) (select * from ex19)
*
1행에 오류:
ORA-00001: 무결성 제약 조건(SCOTT.EX19_NUM_PK)에 위배됩니다 


SQL> insert into ex19 (num,name) (select num+5,name from ex19);

1 개의 행이 만들어졌습니다.

SQL> desc ex19;
 이름                                      널?      유형
 ----------------------------------------- -------- ----------------------------
 NUM                                       NOT NULL NUMBER
 NAME                                               VARCHAR2(15)

SQL> select * from ex19;

       NUM NAME                                                                 
---------- ------------------------------                                       
         1 user1                                                                
         6 user1                                                                

SQL> create table ex24 as select * from ex19;

테이블이 생성되었습니다.

SQL> select * from ex24;

       NUM NAME                                                                 
---------- ------------------------------                                       
         1 user1                                                                
         6 user1                                                                

SQL> desc ex24;
 이름                                      널?      유형
 ----------------------------------------- -------- ----------------------------
 NUM                                                NUMBER
 NAME                                               VARCHAR2(15)

SQL> desc ex19;
 이름                                      널?      유형
 ----------------------------------------- -------- ----------------------------
 NUM                                       NOT NULL NUMBER
 NAME                                               VARCHAR2(15)

SQL> select * from ex24;

       NUM NAME                                                                 
---------- ------------------------------                                       
         1 user1                                                                
         6 user1                                                                

SQL> create table deptcopy as select * from dept;

테이블이 생성되었습니다.

SQL> select * from deptcopy;

    DEPTNO DNAME                        LOC                                     
---------- ---------------------------- --------------------------              
        10 ACCOUNTING                   NEW YORK                                
        20 RESEARCH                     DALLAS                                  
        30 SALES                        CHICAGO                                 
        40 OPERATIONS                   BOSTON                                  

SQL> desc deptcopy;
 이름                                      널?      유형
 ----------------------------------------- -------- ----------------------------
 DEPTNO                                             NUMBER(2)
 DNAME                                              VARCHAR2(14)
 LOC                                                VARCHAR2(13)

SQL> desc dept;
 이름                                      널?      유형
 ----------------------------------------- -------- ----------------------------
 DEPTNO                                    NOT NULL NUMBER(2)
 DNAME                                              VARCHAR2(14)
 LOC                                                VARCHAR2(13)

SQL> create table deptcopy2 as (select * from dept where 0=1);

테이블이 생성되었습니다.

SQL> select * from deptcopy2;

선택된 레코드가 없습니다.

SQL> desc deptcopy2;
 이름                                      널?      유형
 ----------------------------------------- -------- ----------------------------
 DEPTNO                                             NUMBER(2)
 DNAME                                              VARCHAR2(14)
 LOC                                                VARCHAR2(13)

SQL> create table empcopy as (select empno,ename,sal from emp);

테이블이 생성되었습니다.

SQL> select * from empcopy;

     EMPNO ENAME                       SAL                                      
---------- -------------------- ----------                                      
      7369 SMITH                       800                                      
      7499 ALLEN                      1600                                      
      7521 WARD                       1250                                      
      7566 JONES                      2975                                      
      7654 MARTIN                     1250                                      
      7698 BLAKE                      2850                                      
      7782 CLARK                      2450                                      
      7788 SCOTT                      3000                                      
      7839 KING                       5000                                      
      7844 TURNER                     1500                                      
      7876 ADAMS                      1100                                      

     EMPNO ENAME                       SAL                                      
---------- -------------------- ----------                                      
      7900 JAMES                       950                                      
      7902 FORD                       3000                                      
      7934 MILLER                     1300                                      

14 개의 행이 선택되었습니다.

SQL> spool off
