SQL> desc student01;
 이름                                      널?      유형
 ----------------------------------------- -------- ----------------------------
 NUM                                                NUMBER
 NAME                                               VARCHAR2(15)
 KOR                                                NUMBER(3)
 ENG                                                NUMBER(3)
 MATH                                               NUMBER(3)

SQL> select * from student01;

       NUM NAME                                  KOR        ENG       MATH      
---------- ------------------------------ ---------- ---------- ----------      
         1 테스터1                                90         80         70      
         2 테스터2                                92         84         93      
         3 테스터3                                70         81         83      
         4 테스터4                                87         60         88      
         5 테스터5                                85        730         73      
         6 테스터6                                60         65         64      
         7 테스터7                                10         20         30      

7 개의 행이 선택되었습니다.

SQL> insert into student01 values (8,'test',0,0,0);

1 개의 행이 만들어졌습니다.

SQL> select * from student01;

       NUM NAME                                  KOR        ENG       MATH      
---------- ------------------------------ ---------- ---------- ----------      
         8 test                                    0          0          0      
         1 테스터1                                90         80         70      
         2 테스터2                                92         84         93      
         3 테스터3                                70         81         83      
         4 테스터4                                87         60         88      
         5 테스터5                                85        730         73      
         6 테스터6                                60         65         64      
         7 테스터7                                10         20         30      

8 개의 행이 선택되었습니다.

SQL> commit;

커밋이 완료되었습니다.

SQL> insert into student01 values (9,'test',0,0,0);

1 개의 행이 만들어졌습니다.

SQL> commit;

커밋이 완료되었습니다.

SQL> insert into student01 values (10,'test',0,0,0);

1 개의 행이 만들어졌습니다.

SQL> select * from student01;

       NUM NAME                                  KOR        ENG       MATH      
---------- ------------------------------ ---------- ---------- ----------      
         8 test                                    0          0          0      
         9 test                                    0          0          0      
        10 test                                    0          0          0      
         1 테스터1                                90         80         70      
         2 테스터2                                92         84         93      
         3 테스터3                                70         81         83      
         4 테스터4                                87         60         88      
         5 테스터5                                85        730         73      
         6 테스터6                                60         65         64      
         7 테스터7                                10         20         30      

10 개의 행이 선택되었습니다.

SQL> rollback;

롤백이 완료되었습니다.

SQL> select * from student01;

       NUM NAME                                  KOR        ENG       MATH      
---------- ------------------------------ ---------- ---------- ----------      
         8 test                                    0          0          0      
         9 test                                    0          0          0      
         1 테스터1                                90         80         70      
         2 테스터2                                92         84         93      
         3 테스터3                                70         81         83      
         4 테스터4                                87         60         88      
         5 테스터5                                85        730         73      
         6 테스터6                                60         65         64      
         7 테스터7                                10         20         30      

9 개의 행이 선택되었습니다.

SQL> select * from student01;

       NUM NAME                                  KOR        ENG       MATH      
---------- ------------------------------ ---------- ---------- ----------      
         8 test                                    0          0          0      
         9 test                                    0          0          0      
        10 가나다                                 70         60         50      
         1 테스터1                                90         80         70      
         2 테스터2                                92         84         93      
         3 테스터3                                70         81         83      
         4 테스터4                                87         60         88      
         5 테스터5                                85        730         73      
         6 테스터6                                60         65         64      
         7 테스터7                                10         20         30      

10 개의 행이 선택되었습니다.

SQL> spool off
